<?xml version="1.0" encoding="utf-8"?>
<TestRun id="45cbb07f-721b-4b19-8140-1f84cba5a1b8" name="@runnervmg397c 2026-05-24 14:30:11" xmlns="http://microsoft.com/schemas/VisualStudio/TeamTest/2010">
  <Times creation="2026-05-24T14:30:11.8066276+00:00" queuing="2026-05-24T14:30:11.8066277+00:00" start="2026-05-24T14:30:09.6635903+00:00" finish="2026-05-24T14:30:11.9960011+00:00" />
  <TestSettings name="default" id="f7b29ca9-1c7e-4aa1-a5ee-f8da9e9e6443">
    <Deployment runDeploymentRoot="_runnervmg397c_2026-05-24_14_30_11" />
  </TestSettings>
  <Results>
    <UnitTestResult executionId="8014e39e-ed76-417f-b6bd-373e5d3db4ba" testId="529870fa-ddf0-4c4b-1dd2-0d0c496932d5" testName="PdfBox.Net.Tests.RenderingTextTest.PDFTextStripper_SetSortByPosition_RoundTrips" computerName="runnervmg397c" duration="00:00:00.0001912" startTime="2026-05-24T14:30:11.8705746+00:00" endTime="2026-05-24T14:30:11.8708086+00:00" testType="13cdc9d9-ddb5-4fa4-a97d-d965ccfc6d4b" outcome="Passed" testListId="8c84fa94-04c1-424b-9868-57a2d4851a1d" relativeResultsDirectory="8014e39e-ed76-417f-b6bd-373e5d3db4ba" />
    <UnitTestResult executionId="a8e4122e-6fca-48d1-b876-4d8558096068" testId="e026d42f-894e-8e41-7c67-9fdb16c252ab" testName="PdfBox.Net.Tests.RenderingTextTest.PDFTextStripper_GetText_ExtractsWordsAndLines" computerName="runnervmg397c" duration="00:00:00.0130439" startTime="2026-05-24T14:30:11.8569817+00:00" endTime="2026-05-24T14:30:11.8700668+00:00" testType="13cdc9d9-ddb5-4fa4-a97d-d965ccfc6d4b" outcome="Passed" testListId="8c84fa94-04c1-424b-9868-57a2d4851a1d" relativeResultsDirectory="a8e4122e-6fca-48d1-b876-4d8558096068" />
    <UnitTestResult executionId="9fb6e98e-4a5c-4832-832e-239a85ad9cb0" testId="fdf47751-d144-f4f9-886b-0e1f6740b773" testName="PdfBox.Net.Tests.RenderingTextTest.Matrix_Transform_AppliesTranslation" computerName="runnervmg397c" duration="00:00:00.0007290" startTime="2026-05-24T14:30:11.7736635+00:00" endTime="2026-05-24T14:30:11.7744976+00:00" testType="13cdc9d9-ddb5-4fa4-a97d-d965ccfc6d4b" outcome="Passed" testListId="8c84fa94-04c1-424b-9868-57a2d4851a1d" relativeResultsDirectory="9fb6e98e-4a5c-4832-832e-239a85ad9cb0" />
    <UnitTestResult executionId="7ca867bc-a63a-43f0-8f68-4825c3ec36f7" testId="482c989f-b379-01bf-74aa-cf360271d6d6" testName="PdfBox.Net.Tests.RenderingTextTest.PDFTextStripper_DefaultEndPage_IsMaxInt" computerName="runnervmg397c" duration="00:00:00.0001713" startTime="2026-05-24T14:30:11.8800816+00:00" endTime="2026-05-24T14:30:11.8802819+00:00" testType="13cdc9d9-ddb5-4fa4-a97d-d965ccfc6d4b" outcome="Passed" testListId="8c84fa94-04c1-424b-9868-57a2d4851a1d" relativeResultsDirectory="7ca867bc-a63a-43f0-8f68-4825c3ec36f7" />
    <UnitTestResult executionId="6ca69379-cc4a-4e0e-9e60-dc32f9f77111" testId="0750d9fc-6807-3976-83cc-681323073125" testName="PdfBox.Net.Tests.RenderingTextTest.PDFTextStripperByArea_RemoveNonExistentRegion_DoesNotThrow" computerName="runnervmg397c" duration="00:00:00.0004410" startTime="2026-05-24T14:30:11.8561090+00:00" endTime="2026-05-24T14:30:11.8565793+00:00" testType="13cdc9d9-ddb5-4fa4-a97d-d965ccfc6d4b" outcome="Passed" testListId="8c84fa94-04c1-424b-9868-57a2d4851a1d" relativeResultsDirectory="6ca69379-cc4a-4e0e-9e60-dc32f9f77111" />
    <UnitTestResult executionId="a8c998fb-fc5d-4eb3-8787-0f3b0ccc7f2c" testId="00e67f81-552f-0f59-60fc-a16919a4dacf" testName="PdfBox.Net.Tests.RenderingTextTest.TextPosition_GetPageDimensions_ReturnConstructorValues" computerName="runnervmg397c" duration="00:00:00.0044075" startTime="2026-05-24T14:30:11.7657044+00:00" endTime="2026-05-24T14:30:11.7702411+00:00" testType="13cdc9d9-ddb5-4fa4-a97d-d965ccfc6d4b" outcome="Passed" testListId="8c84fa94-04c1-424b-9868-57a2d4851a1d" relativeResultsDirectory="a8c998fb-fc5d-4eb3-8787-0f3b0ccc7f2c" />
    <UnitTestResult executionId="27e5e4c9-f28a-475e-917e-4eb190e93de7" testId="775eacff-7d8e-4503-8ba1-782d31cea13b" testName="PdfBox.Net.Tests.RenderingTextTest.PDFTextStripper_DefaultWordSeparatorIsSpace" computerName="runnervmg397c" duration="00:00:00.0001480" startTime="2026-05-24T14:30:11.8768104+00:00" endTime="2026-05-24T14:30:11.8770017+00:00" testType="13cdc9d9-ddb5-4fa4-a97d-d965ccfc6d4b" outcome="Passed" testListId="8c84fa94-04c1-424b-9868-57a2d4851a1d" relativeResultsDirectory="27e5e4c9-f28a-475e-917e-4eb190e93de7" />
    <UnitTestResult executionId="c6978450-ebd0-4132-b614-442b349a7d85" testId="831aa759-1dac-dcfa-18c9-eb8defe4fc84" testName="PdfBox.Net.Tests.RenderingTextTest.TextPosition_GetFontSize_ReturnsFontSize" computerName="runnervmg397c" duration="00:00:00.0001908" startTime="2026-05-24T14:30:11.8448918+00:00" endTime="2026-05-24T14:30:11.8451106+00:00" testType="13cdc9d9-ddb5-4fa4-a97d-d965ccfc6d4b" outcome="Passed" testListId="8c84fa94-04c1-424b-9868-57a2d4851a1d" relativeResultsDirectory="c6978450-ebd0-4132-b614-442b349a7d85" />
    <UnitTestResult executionId="fa29e259-75b5-44d0-ba68-3592325702ef" testId="ab42ed6e-e126-d8c6-8e36-f92718d07ae4" testName="PdfBox.Net.Tests.RenderingTextTest.Matrix_GetTranslateInstance_SetsTranslation" computerName="runnervmg397c" duration="00:00:00.0006800" startTime="2026-05-24T14:30:11.8330339+00:00" endTime="2026-05-24T14:30:11.8337440+00:00" testType="13cdc9d9-ddb5-4fa4-a97d-d965ccfc6d4b" outcome="Passed" testListId="8c84fa94-04c1-424b-9868-57a2d4851a1d" relativeResultsDirectory="fa29e259-75b5-44d0-ba68-3592325702ef" />
    <UnitTestResult executionId="df3094b0-36e6-43bc-88ab-fff8b38d50bc" testId="47f01fb8-bd18-e17f-c277-cfc66cdf4f6c" testName="PdfBox.Net.Tests.RenderingTextTest.PDFMarkedContentExtractor_ProcessPage_CapturesMarkedContentText" computerName="runnervmg397c" duration="00:00:00.0451141" startTime="2026-05-24T14:30:11.7753358+00:00" endTime="2026-05-24T14:30:11.8205047+00:00" testType="13cdc9d9-ddb5-4fa4-a97d-d965ccfc6d4b" outcome="Passed" testListId="8c84fa94-04c1-424b-9868-57a2d4851a1d" relativeResultsDirectory="df3094b0-36e6-43bc-88ab-fff8b38d50bc" />
    <UnitTestResult executionId="02e1bd9c-1b85-4aa7-a20c-526aa1f61faf" testId="42bef231-bb13-71dc-3497-4ee41bb2b959" testName="PdfBox.Net.Tests.RenderingTextTest.TextPosition_GetUnicode_ReturnsUnicode" computerName="runnervmg397c" duration="00:00:00.0001272" startTime="2026-05-24T14:30:11.8787005+00:00" endTime="2026-05-24T14:30:11.8788562+00:00" testType="13cdc9d9-ddb5-4fa4-a97d-d965ccfc6d4b" outcome="Passed" testListId="8c84fa94-04c1-424b-9868-57a2d4851a1d" relativeResultsDirectory="02e1bd9c-1b85-4aa7-a20c-526aa1f61faf" />
    <UnitTestResult executionId="e85aaad3-d664-4c95-8375-26fc7d725ed9" testId="ea8c50db-2604-5f4e-e9a5-043c620f7c43" testName="PdfBox.Net.Tests.RenderingTextTest.PDFTextStripper_SortByPosition_DefaultsFalse" computerName="runnervmg397c" duration="00:00:00.0002135" startTime="2026-05-24T14:30:11.8265251+00:00" endTime="2026-05-24T14:30:11.8267691+00:00" testType="13cdc9d9-ddb5-4fa4-a97d-d965ccfc6d4b" outcome="Passed" testListId="8c84fa94-04c1-424b-9868-57a2d4851a1d" relativeResultsDirectory="e85aaad3-d664-4c95-8375-26fc7d725ed9" />
    <UnitTestResult executionId="98eccf7b-940f-4b66-ba35-ea1ed632c504" testId="1073dbec-f8e7-56f4-9d94-98b289e7410d" testName="PdfBox.Net.Tests.RenderingTextTest.TextPosition_GetWidthOfSpace_ReturnsSpaceWidth" computerName="runnervmg397c" duration="00:00:00.0003732" startTime="2026-05-24T14:30:11.8367286+00:00" endTime="2026-05-24T14:30:11.8372213+00:00" testType="13cdc9d9-ddb5-4fa4-a97d-d965ccfc6d4b" outcome="Passed" testListId="8c84fa94-04c1-424b-9868-57a2d4851a1d" relativeResultsDirectory="98eccf7b-940f-4b66-ba35-ea1ed632c504" />
    <UnitTestResult executionId="fd2b56a2-2e95-407e-8c9e-acdfe3a1fe19" testId="0f4a650f-c48b-42f1-ac05-5dda99417a50" testName="PdfBox.Net.Tests.RenderingTextTest.TextPosition_GetCharacterCodes_ReturnsCodes" computerName="runnervmg397c" duration="00:00:00.0019584" startTime="2026-05-24T14:30:11.8472776+00:00" endTime="2026-05-24T14:30:11.8492678+00:00" testType="13cdc9d9-ddb5-4fa4-a97d-d965ccfc6d4b" outcome="Passed" testListId="8c84fa94-04c1-424b-9868-57a2d4851a1d" relativeResultsDirectory="fd2b56a2-2e95-407e-8c9e-acdfe3a1fe19" />
    <UnitTestResult executionId="ecb90749-ac9a-4ed6-b438-f92861a8f218" testId="880d0f3d-094a-606c-a9be-3d16b67df964" testName="PdfBox.Net.Tests.RenderingTextTest.PDFTextStripper_ShouldSeparateByBeads_DefaultsTrue" computerName="runnervmg397c" duration="00:00:00.0001234" startTime="2026-05-24T14:30:11.8555329+00:00" endTime="2026-05-24T14:30:11.8556845+00:00" testType="13cdc9d9-ddb5-4fa4-a97d-d965ccfc6d4b" outcome="Passed" testListId="8c84fa94-04c1-424b-9868-57a2d4851a1d" relativeResultsDirectory="ecb90749-ac9a-4ed6-b438-f92861a8f218" />
    <UnitTestResult executionId="79ec8798-2f65-447a-878c-2144c35cd132" testId="2b5ff49a-2d6b-b931-f387-6d74bf53b852" testName="PdfBox.Net.Tests.RenderingTextTest.PDFMarkedContentExtractor_SuppressDuplicateDefault_IsTrue" computerName="runnervmg397c" duration="00:00:00.0001170" startTime="2026-05-24T14:30:11.8259219+00:00" endTime="2026-05-24T14:30:11.8260828+00:00" testType="13cdc9d9-ddb5-4fa4-a97d-d965ccfc6d4b" outcome="Passed" testListId="8c84fa94-04c1-424b-9868-57a2d4851a1d" relativeResultsDirectory="79ec8798-2f65-447a-878c-2144c35cd132" />
    <UnitTestResult executionId="01c8a80b-bd93-444e-8cfd-159f5184116f" testId="a97f036b-c182-fc9e-7156-ba49fb1edf0a" testName="PdfBox.Net.Tests.RenderingTextTest.PDFTextStripper_SuppressDuplicateOverlappingText_DefaultsTrue" computerName="runnervmg397c" duration="00:00:00.0005281" startTime="2026-05-24T14:30:11.7576544+00:00" endTime="2026-05-24T14:30:11.7583186+00:00" testType="13cdc9d9-ddb5-4fa4-a97d-d965ccfc6d4b" outcome="Passed" testListId="8c84fa94-04c1-424b-9868-57a2d4851a1d" relativeResultsDirectory="01c8a80b-bd93-444e-8cfd-159f5184116f" />
    <UnitTestResult executionId="74e51cd4-a5c4-4604-af16-d41db940f322" testId="107d3518-87b3-a253-a967-85473a2633a9" testName="PdfBox.Net.Tests.RenderingTextTest.TextPosition_GetFontSizeInPt_ReturnsFontSizeInPt" computerName="runnervmg397c" duration="00:00:00.0001897" startTime="2026-05-24T14:30:11.8272086+00:00" endTime="2026-05-24T14:30:11.8274338+00:00" testType="13cdc9d9-ddb5-4fa4-a97d-d965ccfc6d4b" outcome="Passed" testListId="8c84fa94-04c1-424b-9868-57a2d4851a1d" relativeResultsDirectory="74e51cd4-a5c4-4604-af16-d41db940f322" />
    <UnitTestResult executionId="7337832b-8cb1-403a-a68b-dcaf29860d78" testId="32925333-10e5-4d10-c26d-32e57fcc9340" testName="PdfBox.Net.Tests.RenderingTextTest.Matrix_ParameterizedConstructor_SetsElements" computerName="runnervmg397c" duration="00:00:00.0003419" startTime="2026-05-24T14:30:11.8278352+00:00" endTime="2026-05-24T14:30:11.8282087+00:00" testType="13cdc9d9-ddb5-4fa4-a97d-d965ccfc6d4b" outcome="Passed" testListId="8c84fa94-04c1-424b-9868-57a2d4851a1d" relativeResultsDirectory="7337832b-8cb1-403a-a68b-dcaf29860d78" />
    <UnitTestResult executionId="010ca457-e6e8-4512-aebb-8ac0e813ad36" testId="94327bdf-4819-fb57-e053-874a2e633849" testName="PdfBox.Net.Tests.RenderingTextTest.PDFTextStripper_SetParagraphEnd_RoundTrips" computerName="runnervmg397c" duration="00:00:00.0002437" startTime="2026-05-24T14:30:11.8243273+00:00" endTime="2026-05-24T14:30:11.8245993+00:00" testType="13cdc9d9-ddb5-4fa4-a97d-d965ccfc6d4b" outcome="Passed" testListId="8c84fa94-04c1-424b-9868-57a2d4851a1d" relativeResultsDirectory="010ca457-e6e8-4512-aebb-8ac0e813ad36" />
    <UnitTestResult executionId="1b22a9cf-c773-4567-a97d-3e2fe70cf508" testId="f07c44d3-956a-dcbf-0b1e-436c8e842d38" testName="PdfBox.Net.Tests.RenderingTextTest.PDFTextStripper_SetEndPage_RoundTrips" computerName="runnervmg397c" duration="00:00:00.0002105" startTime="2026-05-24T14:30:11.8774395+00:00" endTime="2026-05-24T14:30:11.8776784+00:00" testType="13cdc9d9-ddb5-4fa4-a97d-d965ccfc6d4b" outcome="Passed" testListId="8c84fa94-04c1-424b-9868-57a2d4851a1d" relativeResultsDirectory="1b22a9cf-c773-4567-a97d-3e2fe70cf508" />
    <UnitTestResult executionId="987f9f97-4715-4d73-9679-254fbc241839" testId="66b086dc-77c5-975b-f96c-313af0b19bd5" testName="PdfBox.Net.Tests.RenderingTextTest.PDFMarkedContentExtractor_GetMarkedContents_InitiallyEmpty" computerName="runnervmg397c" duration="00:00:00.0057923" startTime="2026-05-24T14:30:11.7587917+00:00" endTime="2026-05-24T14:30:11.7646170+00:00" testType="13cdc9d9-ddb5-4fa4-a97d-d965ccfc6d4b" outcome="Passed" testListId="8c84fa94-04c1-424b-9868-57a2d4851a1d" relativeResultsDirectory="987f9f97-4715-4d73-9679-254fbc241839" />
    <UnitTestResult executionId="acbd404e-2d85-4b8d-aa94-8c010db143ec" testId="9f1a2fe7-6c4a-2f39-10fb-691b83b0555a" testName="PdfBox.Net.Tests.RenderingTextTest.PDFTextStripperByArea_AddAndGetRegions" computerName="runnervmg397c" duration="00:00:00.0020436" startTime="2026-05-24T14:30:11.8210600+00:00" endTime="2026-05-24T14:30:11.8231363+00:00" testType="13cdc9d9-ddb5-4fa4-a97d-d965ccfc6d4b" outcome="Passed" testListId="8c84fa94-04c1-424b-9868-57a2d4851a1d" relativeResultsDirectory="acbd404e-2d85-4b8d-aa94-8c010db143ec" />
    <UnitTestResult executionId="8a012f31-f9bb-49c2-ab06-f3ad8270248d" testId="949033b9-bb0d-e18e-e4d2-58be84896f83" testName="PdfBox.Net.Tests.RenderingTextTest.PDFTextStripperByArea_ShouldSeparateByBeads_IgnoredAlwaysFalse" computerName="runnervmg397c" duration="00:00:00.0002438" startTime="2026-05-24T14:30:11.8236010+00:00" endTime="2026-05-24T14:30:11.8238742+00:00" testType="13cdc9d9-ddb5-4fa4-a97d-d965ccfc6d4b" outcome="Passed" testListId="8c84fa94-04c1-424b-9868-57a2d4851a1d" relativeResultsDirectory="8a012f31-f9bb-49c2-ab06-f3ad8270248d" />
    <UnitTestResult executionId="5f147b1c-6d5c-4277-9ea8-27aa133f3b27" testId="9be93f42-1033-07a6-e498-9a28e007b465" testName="PdfBox.Net.Tests.RenderingTextTest.PDFTextStripper_SetLineSeparator_RoundTrips" computerName="runnervmg397c" duration="00:00:00.0002698" startTime="2026-05-24T14:30:11.8537430+00:00" endTime="2026-05-24T14:30:11.8540489+00:00" testType="13cdc9d9-ddb5-4fa4-a97d-d965ccfc6d4b" outcome="Passed" testListId="8c84fa94-04c1-424b-9868-57a2d4851a1d" relativeResultsDirectory="5f147b1c-6d5c-4277-9ea8-27aa133f3b27" />
    <UnitTestResult executionId="36f9752e-af31-4645-afb3-c266f4b8348d" testId="1cefef5e-886b-c9b6-3d5a-8de004de7196" testName="PdfBox.Net.Tests.RenderingTextTest.PDFTextStripper_SetWordSeparator_RoundTrips" computerName="runnervmg397c" duration="00:00:00.0262025" startTime="2026-05-24T14:30:11.6942489+00:00" endTime="2026-05-24T14:30:11.7355950+00:00" testType="13cdc9d9-ddb5-4fa4-a97d-d965ccfc6d4b" outcome="Passed" testListId="8c84fa94-04c1-424b-9868-57a2d4851a1d" relativeResultsDirectory="36f9752e-af31-4645-afb3-c266f4b8348d" />
    <UnitTestResult executionId="fa913fbb-bd2f-4241-9c0c-0aac232a91ae" testId="68a79ec7-3e10-edf8-c8ce-8446c48c6b0e" testName="PdfBox.Net.Tests.RenderingTextTest.Matrix_ScalingFactor_IdentityMatrix" computerName="runnervmg397c" duration="00:00:00.0005176" startTime="2026-05-24T14:30:11.7722550+00:00" endTime="2026-05-24T14:30:11.7728826+00:00" testType="13cdc9d9-ddb5-4fa4-a97d-d965ccfc6d4b" outcome="Passed" testListId="8c84fa94-04c1-424b-9868-57a2d4851a1d" relativeResultsDirectory="fa913fbb-bd2f-4241-9c0c-0aac232a91ae" />
    <UnitTestResult executionId="99d2a20c-b2da-4ec4-909b-44e1dc4368a3" testId="dd3ccafb-3564-a47c-c1fa-c508c11a4487" testName="PdfBox.Net.Tests.RenderingTextTest.TextPositionComparator_NullFirst_IsLessThanNonNull" computerName="runnervmg397c" duration="00:00:00.0003069" startTime="2026-05-24T14:30:11.8438905+00:00" endTime="2026-05-24T14:30:11.8443238+00:00" testType="13cdc9d9-ddb5-4fa4-a97d-d965ccfc6d4b" outcome="Passed" testListId="8c84fa94-04c1-424b-9868-57a2d4851a1d" relativeResultsDirectory="99d2a20c-b2da-4ec4-909b-44e1dc4368a3" />
    <UnitTestResult executionId="c459288e-b510-4a59-999e-eac3066c5034" testId="194b8fcb-4784-034e-c939-79a7174e6b26" testName="PdfBox.Net.Tests.RenderingTextTest.ImageType_AllValuesExist" computerName="runnervmg397c" duration="00:00:00.0003085" startTime="2026-05-24T14:30:11.8546865+00:00" endTime="2026-05-24T14:30:11.8550440+00:00" testType="13cdc9d9-ddb5-4fa4-a97d-d965ccfc6d4b" outcome="Passed" testListId="8c84fa94-04c1-424b-9868-57a2d4851a1d" relativeResultsDirectory="c459288e-b510-4a59-999e-eac3066c5034" />
    <UnitTestResult executionId="4511720b-d079-4576-95e1-c1e922420e22" testId="ff619e6b-0760-149d-25a7-79b1dcd55888" testName="PdfBox.Net.Tests.RenderingTextTest.TextPosition_GetWidth_SumOfIndividualWidths" computerName="runnervmg397c" duration="00:00:00.0001377" startTime="2026-05-24T14:30:11.8718915+00:00" endTime="2026-05-24T14:30:11.8720565+00:00" testType="13cdc9d9-ddb5-4fa4-a97d-d965ccfc6d4b" outcome="Passed" testListId="8c84fa94-04c1-424b-9868-57a2d4851a1d" relativeResultsDirectory="4511720b-d079-4576-95e1-c1e922420e22" />
    <UnitTestResult executionId="f2ef31f3-ec51-4688-814c-08b4e2634c6b" testId="b916a5cc-6e82-aab1-0ba3-3897080f9bae" testName="PdfBox.Net.Tests.RenderingTextTest.RenderingHints_CanAddAndRetrieveEntries" computerName="runnervmg397c" duration="00:00:00.0033139" startTime="2026-05-24T14:30:11.8292557+00:00" endTime="2026-05-24T14:30:11.8325997+00:00" testType="13cdc9d9-ddb5-4fa4-a97d-d965ccfc6d4b" outcome="Passed" testListId="8c84fa94-04c1-424b-9868-57a2d4851a1d" relativeResultsDirectory="f2ef31f3-ec51-4688-814c-08b4e2634c6b" />
    <UnitTestResult executionId="a6eeb584-24f1-47cf-8597-37db75ffcd0b" testId="00349e47-00f2-c28f-b8c0-6dffa71fd714" testName="PdfBox.Net.Tests.RenderingTextTest.TextPosition_GetHeight_ReturnsMaxHeight" computerName="runnervmg397c" duration="00:00:00.0001419" startTime="2026-05-24T14:30:11.8712504+00:00" endTime="2026-05-24T14:30:11.8714215+00:00" testType="13cdc9d9-ddb5-4fa4-a97d-d965ccfc6d4b" outcome="Passed" testListId="8c84fa94-04c1-424b-9868-57a2d4851a1d" relativeResultsDirectory="a6eeb584-24f1-47cf-8597-37db75ffcd0b" />
    <UnitTestResult executionId="36172d0e-8ff2-4e02-bff7-221e9d418c6f" testId="e2a9c5da-055c-7fa7-eca3-f06c238d94c1" testName="PdfBox.Net.Tests.RenderingTextTest.TextPosition_ToString_ReturnsUnicode" computerName="runnervmg397c" duration="00:00:00.0001845" startTime="2026-05-24T14:30:11.8286161+00:00" endTime="2026-05-24T14:30:11.8288305+00:00" testType="13cdc9d9-ddb5-4fa4-a97d-d965ccfc6d4b" outcome="Passed" testListId="8c84fa94-04c1-424b-9868-57a2d4851a1d" relativeResultsDirectory="36172d0e-8ff2-4e02-bff7-221e9d418c6f" />
    <UnitTestResult executionId="6582cc2e-25b4-42f8-a4b6-592a97ee4140" testId="459be787-1e6b-ca4c-5cd1-e72bb860f77e" testName="PdfBox.Net.Tests.RenderingTextTest.TextPosition_GetRotation_ReturnsRotation" computerName="runnervmg397c" duration="00:00:00.0003656" startTime="2026-05-24T14:30:11.8424442+00:00" endTime="2026-05-24T14:30:11.8429345+00:00" testType="13cdc9d9-ddb5-4fa4-a97d-d965ccfc6d4b" outcome="Passed" testListId="8c84fa94-04c1-424b-9868-57a2d4851a1d" relativeResultsDirectory="6582cc2e-25b4-42f8-a4b6-592a97ee4140" />
    <UnitTestResult executionId="8e7a9009-4126-4629-b039-5b2b39790b8a" testId="44470bfc-bf49-90e8-961f-91cb46fe4c8c" testName="PdfBox.Net.Tests.RenderingTextTest.PDFTextStripperByArea_RemoveRegion_RemovesIt" computerName="runnervmg397c" duration="00:00:00.0004710" startTime="2026-05-24T14:30:11.8461954+00:00" endTime="2026-05-24T14:30:11.8467780+00:00" testType="13cdc9d9-ddb5-4fa4-a97d-d965ccfc6d4b" outcome="Passed" testListId="8c84fa94-04c1-424b-9868-57a2d4851a1d" relativeResultsDirectory="8e7a9009-4126-4629-b039-5b2b39790b8a" />
    <UnitTestResult executionId="6a31a276-fa99-46c0-ab4f-07c7443baa63" testId="b9bfe2a1-f4bf-49ba-e6a2-1cfcadc6da6f" testName="PdfBox.Net.Tests.RenderingTextTest.Matrix_DefaultConstructor_IsIdentity" computerName="runnervmg397c" duration="00:00:00.0004181" startTime="2026-05-24T14:30:11.8516074+00:00" endTime="2026-05-24T14:30:11.8528319+00:00" testType="13cdc9d9-ddb5-4fa4-a97d-d965ccfc6d4b" outcome="Passed" testListId="8c84fa94-04c1-424b-9868-57a2d4851a1d" relativeResultsDirectory="6a31a276-fa99-46c0-ab4f-07c7443baa63" />
    <UnitTestResult executionId="4fcc39ce-fc3c-4540-98cc-856cab79ef35" testId="5069004e-b6e7-f47b-e7a4-5ff2ce3cfa58" testName="PdfBox.Net.Tests.RenderingTextTest.PDFMarkedContentExtractor_SetSuppressDuplicate_RoundTrips" computerName="runnervmg397c" duration="00:00:00.0012232" startTime="2026-05-24T14:30:11.7552421+00:00" endTime="2026-05-24T14:30:11.7565963+00:00" testType="13cdc9d9-ddb5-4fa4-a97d-d965ccfc6d4b" outcome="Passed" testListId="8c84fa94-04c1-424b-9868-57a2d4851a1d" relativeResultsDirectory="4fcc39ce-fc3c-4540-98cc-856cab79ef35" />
    <UnitTestResult executionId="8548b0cf-45cc-42ab-8071-61fe4b8d3930" testId="d4674a28-48ff-0c02-a4f2-60dac1b7b24b" testName="PdfBox.Net.Tests.RenderingTextTest.TextPositionComparator_DifferentLines_SortsTopToBottom" computerName="runnervmg397c" duration="00:00:00.0001778" startTime="2026-05-24T14:30:11.8780778+00:00" endTime="2026-05-24T14:30:11.8782835+00:00" testType="13cdc9d9-ddb5-4fa4-a97d-d965ccfc6d4b" outcome="Passed" testListId="8c84fa94-04c1-424b-9868-57a2d4851a1d" relativeResultsDirectory="8548b0cf-45cc-42ab-8071-61fe4b8d3930" />
    <UnitTestResult executionId="b4ca7ac2-28be-4206-90b1-9b1ff850720e" testId="03b03bc3-226d-2ef7-a394-12e149e0352c" testName="PdfBox.Net.Tests.RenderingTextTest.PDFTextStripper_SetStartPage_RoundTrips" computerName="runnervmg397c" duration="00:00:00.0002401" startTime="2026-05-24T14:30:11.8381368+00:00" endTime="2026-05-24T14:30:11.8385439+00:00" testType="13cdc9d9-ddb5-4fa4-a97d-d965ccfc6d4b" outcome="Passed" testListId="8c84fa94-04c1-424b-9868-57a2d4851a1d" relativeResultsDirectory="b4ca7ac2-28be-4206-90b1-9b1ff850720e" />
    <UnitTestResult executionId="bb4a5ca2-b228-4182-a7bc-19c535642e07" testId="99f7bfba-7468-eaf8-20fb-52bc7e70e475" testName="PdfBox.Net.Tests.RenderingTextTest.ImageType_ToPixelFormat_MatchesJavaBufferedImageConstants" computerName="runnervmg397c" duration="00:00:00.0003305" startTime="2026-05-24T14:30:11.8793119+00:00" endTime="2026-05-24T14:30:11.8796714+00:00" testType="13cdc9d9-ddb5-4fa4-a97d-d965ccfc6d4b" outcome="Passed" testListId="8c84fa94-04c1-424b-9868-57a2d4851a1d" relativeResultsDirectory="bb4a5ca2-b228-4182-a7bc-19c535642e07" />
    <UnitTestResult executionId="71b70004-0b46-43ed-9c97-c59df3bc3dec" testId="4626eb91-7c62-0e83-7470-8ea066e0b387" testName="PdfBox.Net.Tests.RenderingTextTest.TextPositionComparator_SameLine_SortsLeftToRight" computerName="runnervmg397c" duration="00:00:00.0013084" startTime="2026-05-24T14:30:11.8344594+00:00" endTime="2026-05-24T14:30:11.8358070+00:00" testType="13cdc9d9-ddb5-4fa4-a97d-d965ccfc6d4b" outcome="Passed" testListId="8c84fa94-04c1-424b-9868-57a2d4851a1d" relativeResultsDirectory="71b70004-0b46-43ed-9c97-c59df3bc3dec" />
    <UnitTestResult executionId="03964484-1995-45da-b020-51444f92b688" testId="04a76625-9f4f-4cc8-7a96-eb67890265fa" testName="PdfBox.Net.Tests.RenderingTextTest.RenderDestination_AllValuesExist" computerName="runnervmg397c" duration="00:00:00.0004482" startTime="2026-05-24T14:30:11.8250193+00:00" endTime="2026-05-24T14:30:11.8254968+00:00" testType="13cdc9d9-ddb5-4fa4-a97d-d965ccfc6d4b" outcome="Passed" testListId="8c84fa94-04c1-424b-9868-57a2d4851a1d" relativeResultsDirectory="03964484-1995-45da-b020-51444f92b688" />
    <UnitTestResult executionId="b6f07bcf-a4d5-4724-b368-c87ab301f274" testId="546329f5-0742-ce02-5567-c445ad33e5ba" testName="PdfBox.Net.Tests.RenderingTextTest.PDFTextStripper_SetParagraphStart_RoundTrips" computerName="runnervmg397c" duration="00:00:00.0003646" startTime="2026-05-24T14:30:11.8502294+00:00" endTime="2026-05-24T14:30:11.8507066+00:00" testType="13cdc9d9-ddb5-4fa4-a97d-d965ccfc6d4b" outcome="Passed" testListId="8c84fa94-04c1-424b-9868-57a2d4851a1d" relativeResultsDirectory="b6f07bcf-a4d5-4724-b368-c87ab301f274" />
    <UnitTestResult executionId="6738fff7-4ac1-4777-83c7-57b986331da1" testId="bd180c77-5c1a-b76b-41de-e77a83eb6467" testName="PdfBox.Net.Tests.RenderingTextTest.PDFTextStripperByArea_ExtractRegions_ExtractsTextByRegion" computerName="runnervmg397c" duration="00:00:00.0039515" startTime="2026-05-24T14:30:11.8723764+00:00" endTime="2026-05-24T14:30:11.8763566+00:00" testType="13cdc9d9-ddb5-4fa4-a97d-d965ccfc6d4b" outcome="Passed" testListId="8c84fa94-04c1-424b-9868-57a2d4851a1d" relativeResultsDirectory="6738fff7-4ac1-4777-83c7-57b986331da1" />
    <UnitTestResult executionId="6c4fa42a-ac9f-4ac8-90ab-35a135fca95e" testId="5cbef776-4fe4-bbdc-fb33-d90958545c14" testName="PdfBox.Net.Tests.RenderingTextTest.RenderingHints_DefaultConstructor_IsEmpty" computerName="runnervmg397c" duration="00:00:00.0024110" startTime="2026-05-24T14:30:11.8389939+00:00" endTime="2026-05-24T14:30:11.8414436+00:00" testType="13cdc9d9-ddb5-4fa4-a97d-d965ccfc6d4b" outcome="Passed" testListId="8c84fa94-04c1-424b-9868-57a2d4851a1d" relativeResultsDirectory="6c4fa42a-ac9f-4ac8-90ab-35a135fca95e" />
    <UnitTestResult executionId="c3da8605-f96a-4af3-896c-46674d2aef1b" testId="100c66bb-abc6-e07e-06db-380b1f147bd3" testName="PdfBox.Net.Tests.RenderingTextTest.TextPositionComparator_SameObject_ReturnsZero" computerName="runnervmg397c" duration="00:00:00.0005091" startTime="2026-05-24T14:30:11.7706171+00:00" endTime="2026-05-24T14:30:11.7714953+00:00" testType="13cdc9d9-ddb5-4fa4-a97d-d965ccfc6d4b" outcome="Passed" testListId="8c84fa94-04c1-424b-9868-57a2d4851a1d" relativeResultsDirectory="c3da8605-f96a-4af3-896c-46674d2aef1b" />
    <UnitTestResult executionId="cda804cc-9a71-47e6-8c31-ae6f48b7d951" testId="1d94cde4-1c11-747f-3790-e3f712d28f08" testName="PdfBox.Net.Tests.RenderingTextTest.PDFTextStripper_DefaultStartPage_IsOne" computerName="runnervmg397c" duration="00:00:00.0059590" startTime="2026-05-24T14:30:11.7479012+00:00" endTime="2026-05-24T14:30:11.7540371+00:00" testType="13cdc9d9-ddb5-4fa4-a97d-d965ccfc6d4b" outcome="Passed" testListId="8c84fa94-04c1-424b-9868-57a2d4851a1d" relativeResultsDirectory="cda804cc-9a71-47e6-8c31-ae6f48b7d951" />
  </Results>
  <TestDefinitions>
    <UnitTest name="PdfBox.Net.Tests.RenderingTextTest.PDFTextStripper_SetEndPage_RoundTrips" storage="/home/runner/work/pdfbox-net/pdfbox-net/tests/pdfbox.net.tests/bin/debug/net10.0/pdfbox.net.tests.dll" id="f07c44d3-956a-dcbf-0b1e-436c8e842d38">
      <Execution id="1b22a9cf-c773-4567-a97d-3e2fe70cf508" />
      <TestMethod codeBase="/home/runner/work/pdfbox-net/pdfbox-net/tests/PdfBox.Net.Tests/bin/Debug/net10.0/PdfBox.Net.Tests.dll" adapterTypeName="executor://xunit/VsTestRunner3/netcore/" className="PdfBox.Net.Tests.RenderingTextTest" name="PDFTextStripper_SetEndPage_RoundTrips" />
    </UnitTest>
    <UnitTest name="PdfBox.Net.Tests.RenderingTextTest.Matrix_GetTranslateInstance_SetsTranslation" storage="/home/runner/work/pdfbox-net/pdfbox-net/tests/pdfbox.net.tests/bin/debug/net10.0/pdfbox.net.tests.dll" id="ab42ed6e-e126-d8c6-8e36-f92718d07ae4">
      <Execution id="fa29e259-75b5-44d0-ba68-3592325702ef" />
      <TestMethod codeBase="/home/runner/work/pdfbox-net/pdfbox-net/tests/PdfBox.Net.Tests/bin/Debug/net10.0/PdfBox.Net.Tests.dll" adapterTypeName="executor://xunit/VsTestRunner3/netcore/" className="PdfBox.Net.Tests.RenderingTextTest" name="Matrix_GetTranslateInstance_SetsTranslation" />
    </UnitTest>
    <UnitTest name="PdfBox.Net.Tests.RenderingTextTest.Matrix_ScalingFactor_IdentityMatrix" storage="/home/runner/work/pdfbox-net/pdfbox-net/tests/pdfbox.net.tests/bin/debug/net10.0/pdfbox.net.tests.dll" id="68a79ec7-3e10-edf8-c8ce-8446c48c6b0e">
      <Execution id="fa913fbb-bd2f-4241-9c0c-0aac232a91ae" />
      <TestMethod codeBase="/home/runner/work/pdfbox-net/pdfbox-net/tests/PdfBox.Net.Tests/bin/Debug/net10.0/PdfBox.Net.Tests.dll" adapterTypeName="executor://xunit/VsTestRunner3/netcore/" className="PdfBox.Net.Tests.RenderingTextTest" name="Matrix_ScalingFactor_IdentityMatrix" />
    </UnitTest>
    <UnitTest name="PdfBox.Net.Tests.RenderingTextTest.TextPosition_GetFontSize_ReturnsFontSize" storage="/home/runner/work/pdfbox-net/pdfbox-net/tests/pdfbox.net.tests/bin/debug/net10.0/pdfbox.net.tests.dll" id="831aa759-1dac-dcfa-18c9-eb8defe4fc84">
      <Execution id="c6978450-ebd0-4132-b614-442b349a7d85" />
      <TestMethod codeBase="/home/runner/work/pdfbox-net/pdfbox-net/tests/PdfBox.Net.Tests/bin/Debug/net10.0/PdfBox.Net.Tests.dll" adapterTypeName="executor://xunit/VsTestRunner3/netcore/" className="PdfBox.Net.Tests.RenderingTextTest" name="TextPosition_GetFontSize_ReturnsFontSize" />
    </UnitTest>
    <UnitTest name="PdfBox.Net.Tests.RenderingTextTest.PDFTextStripper_ShouldSeparateByBeads_DefaultsTrue" storage="/home/runner/work/pdfbox-net/pdfbox-net/tests/pdfbox.net.tests/bin/debug/net10.0/pdfbox.net.tests.dll" id="880d0f3d-094a-606c-a9be-3d16b67df964">
      <Execution id="ecb90749-ac9a-4ed6-b438-f92861a8f218" />
      <TestMethod codeBase="/home/runner/work/pdfbox-net/pdfbox-net/tests/PdfBox.Net.Tests/bin/Debug/net10.0/PdfBox.Net.Tests.dll" adapterTypeName="executor://xunit/VsTestRunner3/netcore/" className="PdfBox.Net.Tests.RenderingTextTest" name="PDFTextStripper_ShouldSeparateByBeads_DefaultsTrue" />
    </UnitTest>
    <UnitTest name="PdfBox.Net.Tests.RenderingTextTest.TextPosition_GetHeight_ReturnsMaxHeight" storage="/home/runner/work/pdfbox-net/pdfbox-net/tests/pdfbox.net.tests/bin/debug/net10.0/pdfbox.net.tests.dll" id="00349e47-00f2-c28f-b8c0-6dffa71fd714">
      <Execution id="a6eeb584-24f1-47cf-8597-37db75ffcd0b" />
      <TestMethod codeBase="/home/runner/work/pdfbox-net/pdfbox-net/tests/PdfBox.Net.Tests/bin/Debug/net10.0/PdfBox.Net.Tests.dll" adapterTypeName="executor://xunit/VsTestRunner3/netcore/" className="PdfBox.Net.Tests.RenderingTextTest" name="TextPosition_GetHeight_ReturnsMaxHeight" />
    </UnitTest>
    <UnitTest name="PdfBox.Net.Tests.RenderingTextTest.PDFTextStripper_SetSortByPosition_RoundTrips" storage="/home/runner/work/pdfbox-net/pdfbox-net/tests/pdfbox.net.tests/bin/debug/net10.0/pdfbox.net.tests.dll" id="529870fa-ddf0-4c4b-1dd2-0d0c496932d5">
      <Execution id="8014e39e-ed76-417f-b6bd-373e5d3db4ba" />
      <TestMethod codeBase="/home/runner/work/pdfbox-net/pdfbox-net/tests/PdfBox.Net.Tests/bin/Debug/net10.0/PdfBox.Net.Tests.dll" adapterTypeName="executor://xunit/VsTestRunner3/netcore/" className="PdfBox.Net.Tests.RenderingTextTest" name="PDFTextStripper_SetSortByPosition_RoundTrips" />
    </UnitTest>
    <UnitTest name="PdfBox.Net.Tests.RenderingTextTest.PDFTextStripper_DefaultEndPage_IsMaxInt" storage="/home/runner/work/pdfbox-net/pdfbox-net/tests/pdfbox.net.tests/bin/debug/net10.0/pdfbox.net.tests.dll" id="482c989f-b379-01bf-74aa-cf360271d6d6">
      <Execution id="7ca867bc-a63a-43f0-8f68-4825c3ec36f7" />
      <TestMethod codeBase="/home/runner/work/pdfbox-net/pdfbox-net/tests/PdfBox.Net.Tests/bin/Debug/net10.0/PdfBox.Net.Tests.dll" adapterTypeName="executor://xunit/VsTestRunner3/netcore/" className="PdfBox.Net.Tests.RenderingTextTest" name="PDFTextStripper_DefaultEndPage_IsMaxInt" />
    </UnitTest>
    <UnitTest name="PdfBox.Net.Tests.RenderingTextTest.PDFMarkedContentExtractor_SetSuppressDuplicate_RoundTrips" storage="/home/runner/work/pdfbox-net/pdfbox-net/tests/pdfbox.net.tests/bin/debug/net10.0/pdfbox.net.tests.dll" id="5069004e-b6e7-f47b-e7a4-5ff2ce3cfa58">
      <Execution id="4fcc39ce-fc3c-4540-98cc-856cab79ef35" />
      <TestMethod codeBase="/home/runner/work/pdfbox-net/pdfbox-net/tests/PdfBox.Net.Tests/bin/Debug/net10.0/PdfBox.Net.Tests.dll" adapterTypeName="executor://xunit/VsTestRunner3/netcore/" className="PdfBox.Net.Tests.RenderingTextTest" name="PDFMarkedContentExtractor_SetSuppressDuplicate_RoundTrips" />
    </UnitTest>
    <UnitTest name="PdfBox.Net.Tests.RenderingTextTest.PDFTextStripperByArea_RemoveRegion_RemovesIt" storage="/home/runner/work/pdfbox-net/pdfbox-net/tests/pdfbox.net.tests/bin/debug/net10.0/pdfbox.net.tests.dll" id="44470bfc-bf49-90e8-961f-91cb46fe4c8c">
      <Execution id="8e7a9009-4126-4629-b039-5b2b39790b8a" />
      <TestMethod codeBase="/home/runner/work/pdfbox-net/pdfbox-net/tests/PdfBox.Net.Tests/bin/Debug/net10.0/PdfBox.Net.Tests.dll" adapterTypeName="executor://xunit/VsTestRunner3/netcore/" className="PdfBox.Net.Tests.RenderingTextTest" name="PDFTextStripperByArea_RemoveRegion_RemovesIt" />
    </UnitTest>
    <UnitTest name="PdfBox.Net.Tests.RenderingTextTest.ImageType_AllValuesExist" storage="/home/runner/work/pdfbox-net/pdfbox-net/tests/pdfbox.net.tests/bin/debug/net10.0/pdfbox.net.tests.dll" id="194b8fcb-4784-034e-c939-79a7174e6b26">
      <Execution id="c459288e-b510-4a59-999e-eac3066c5034" />
      <TestMethod codeBase="/home/runner/work/pdfbox-net/pdfbox-net/tests/PdfBox.Net.Tests/bin/Debug/net10.0/PdfBox.Net.Tests.dll" adapterTypeName="executor://xunit/VsTestRunner3/netcore/" className="PdfBox.Net.Tests.RenderingTextTest" name="ImageType_AllValuesExist" />
    </UnitTest>
    <UnitTest name="PdfBox.Net.Tests.RenderingTextTest.PDFTextStripperByArea_ShouldSeparateByBeads_IgnoredAlwaysFalse" storage="/home/runner/work/pdfbox-net/pdfbox-net/tests/pdfbox.net.tests/bin/debug/net10.0/pdfbox.net.tests.dll" id="949033b9-bb0d-e18e-e4d2-58be84896f83">
      <Execution id="8a012f31-f9bb-49c2-ab06-f3ad8270248d" />
      <TestMethod codeBase="/home/runner/work/pdfbox-net/pdfbox-net/tests/PdfBox.Net.Tests/bin/Debug/net10.0/PdfBox.Net.Tests.dll" adapterTypeName="executor://xunit/VsTestRunner3/netcore/" className="PdfBox.Net.Tests.RenderingTextTest" name="PDFTextStripperByArea_ShouldSeparateByBeads_IgnoredAlwaysFalse" />
    </UnitTest>
    <UnitTest name="PdfBox.Net.Tests.RenderingTextTest.RenderingHints_DefaultConstructor_IsEmpty" storage="/home/runner/work/pdfbox-net/pdfbox-net/tests/pdfbox.net.tests/bin/debug/net10.0/pdfbox.net.tests.dll" id="5cbef776-4fe4-bbdc-fb33-d90958545c14">
      <Execution id="6c4fa42a-ac9f-4ac8-90ab-35a135fca95e" />
      <TestMethod codeBase="/home/runner/work/pdfbox-net/pdfbox-net/tests/PdfBox.Net.Tests/bin/Debug/net10.0/PdfBox.Net.Tests.dll" adapterTypeName="executor://xunit/VsTestRunner3/netcore/" className="PdfBox.Net.Tests.RenderingTextTest" name="RenderingHints_DefaultConstructor_IsEmpty" />
    </UnitTest>
    <UnitTest name="PdfBox.Net.Tests.RenderingTextTest.TextPositionComparator_SameObject_ReturnsZero" storage="/home/runner/work/pdfbox-net/pdfbox-net/tests/pdfbox.net.tests/bin/debug/net10.0/pdfbox.net.tests.dll" id="100c66bb-abc6-e07e-06db-380b1f147bd3">
      <Execution id="c3da8605-f96a-4af3-896c-46674d2aef1b" />
      <TestMethod codeBase="/home/runner/work/pdfbox-net/pdfbox-net/tests/PdfBox.Net.Tests/bin/Debug/net10.0/PdfBox.Net.Tests.dll" adapterTypeName="executor://xunit/VsTestRunner3/netcore/" className="PdfBox.Net.Tests.RenderingTextTest" name="TextPositionComparator_SameObject_ReturnsZero" />
    </UnitTest>
    <UnitTest name="PdfBox.Net.Tests.RenderingTextTest.TextPositionComparator_DifferentLines_SortsTopToBottom" storage="/home/runner/work/pdfbox-net/pdfbox-net/tests/pdfbox.net.tests/bin/debug/net10.0/pdfbox.net.tests.dll" id="d4674a28-48ff-0c02-a4f2-60dac1b7b24b">
      <Execution id="8548b0cf-45cc-42ab-8071-61fe4b8d3930" />
      <TestMethod codeBase="/home/runner/work/pdfbox-net/pdfbox-net/tests/PdfBox.Net.Tests/bin/Debug/net10.0/PdfBox.Net.Tests.dll" adapterTypeName="executor://xunit/VsTestRunner3/netcore/" className="PdfBox.Net.Tests.RenderingTextTest" name="TextPositionComparator_DifferentLines_SortsTopToBottom" />
    </UnitTest>
    <UnitTest name="PdfBox.Net.Tests.RenderingTextTest.TextPositionComparator_SameLine_SortsLeftToRight" storage="/home/runner/work/pdfbox-net/pdfbox-net/tests/pdfbox.net.tests/bin/debug/net10.0/pdfbox.net.tests.dll" id="4626eb91-7c62-0e83-7470-8ea066e0b387">
      <Execution id="71b70004-0b46-43ed-9c97-c59df3bc3dec" />
      <TestMethod codeBase="/home/runner/work/pdfbox-net/pdfbox-net/tests/PdfBox.Net.Tests/bin/Debug/net10.0/PdfBox.Net.Tests.dll" adapterTypeName="executor://xunit/VsTestRunner3/netcore/" className="PdfBox.Net.Tests.RenderingTextTest" name="TextPositionComparator_SameLine_SortsLeftToRight" />
    </UnitTest>
    <UnitTest name="PdfBox.Net.Tests.RenderingTextTest.PDFTextStripper_SetParagraphStart_RoundTrips" storage="/home/runner/work/pdfbox-net/pdfbox-net/tests/pdfbox.net.tests/bin/debug/net10.0/pdfbox.net.tests.dll" id="546329f5-0742-ce02-5567-c445ad33e5ba">
      <Execution id="b6f07bcf-a4d5-4724-b368-c87ab301f274" />
      <TestMethod codeBase="/home/runner/work/pdfbox-net/pdfbox-net/tests/PdfBox.Net.Tests/bin/Debug/net10.0/PdfBox.Net.Tests.dll" adapterTypeName="executor://xunit/VsTestRunner3/netcore/" className="PdfBox.Net.Tests.RenderingTextTest" name="PDFTextStripper_SetParagraphStart_RoundTrips" />
    </UnitTest>
    <UnitTest name="PdfBox.Net.Tests.RenderingTextTest.TextPosition_GetFontSizeInPt_ReturnsFontSizeInPt" storage="/home/runner/work/pdfbox-net/pdfbox-net/tests/pdfbox.net.tests/bin/debug/net10.0/pdfbox.net.tests.dll" id="107d3518-87b3-a253-a967-85473a2633a9">
      <Execution id="74e51cd4-a5c4-4604-af16-d41db940f322" />
      <TestMethod codeBase="/home/runner/work/pdfbox-net/pdfbox-net/tests/PdfBox.Net.Tests/bin/Debug/net10.0/PdfBox.Net.Tests.dll" adapterTypeName="executor://xunit/VsTestRunner3/netcore/" className="PdfBox.Net.Tests.RenderingTextTest" name="TextPosition_GetFontSizeInPt_ReturnsFontSizeInPt" />
    </UnitTest>
    <UnitTest name="PdfBox.Net.Tests.RenderingTextTest.TextPosition_GetPageDimensions_ReturnConstructorValues" storage="/home/runner/work/pdfbox-net/pdfbox-net/tests/pdfbox.net.tests/bin/debug/net10.0/pdfbox.net.tests.dll" id="00e67f81-552f-0f59-60fc-a16919a4dacf">
      <Execution id="a8c998fb-fc5d-4eb3-8787-0f3b0ccc7f2c" />
      <TestMethod codeBase="/home/runner/work/pdfbox-net/pdfbox-net/tests/PdfBox.Net.Tests/bin/Debug/net10.0/PdfBox.Net.Tests.dll" adapterTypeName="executor://xunit/VsTestRunner3/netcore/" className="PdfBox.Net.Tests.RenderingTextTest" name="TextPosition_GetPageDimensions_ReturnConstructorValues" />
    </UnitTest>
    <UnitTest name="PdfBox.Net.Tests.RenderingTextTest.TextPositionComparator_NullFirst_IsLessThanNonNull" storage="/home/runner/work/pdfbox-net/pdfbox-net/tests/pdfbox.net.tests/bin/debug/net10.0/pdfbox.net.tests.dll" id="dd3ccafb-3564-a47c-c1fa-c508c11a4487">
      <Execution id="99d2a20c-b2da-4ec4-909b-44e1dc4368a3" />
      <TestMethod codeBase="/home/runner/work/pdfbox-net/pdfbox-net/tests/PdfBox.Net.Tests/bin/Debug/net10.0/PdfBox.Net.Tests.dll" adapterTypeName="executor://xunit/VsTestRunner3/netcore/" className="PdfBox.Net.Tests.RenderingTextTest" name="TextPositionComparator_NullFirst_IsLessThanNonNull" />
    </UnitTest>
    <UnitTest name="PdfBox.Net.Tests.RenderingTextTest.Matrix_DefaultConstructor_IsIdentity" storage="/home/runner/work/pdfbox-net/pdfbox-net/tests/pdfbox.net.tests/bin/debug/net10.0/pdfbox.net.tests.dll" id="b9bfe2a1-f4bf-49ba-e6a2-1cfcadc6da6f">
      <Execution id="6a31a276-fa99-46c0-ab4f-07c7443baa63" />
      <TestMethod codeBase="/home/runner/work/pdfbox-net/pdfbox-net/tests/PdfBox.Net.Tests/bin/Debug/net10.0/PdfBox.Net.Tests.dll" adapterTypeName="executor://xunit/VsTestRunner3/netcore/" className="PdfBox.Net.Tests.RenderingTextTest" name="Matrix_DefaultConstructor_IsIdentity" />
    </UnitTest>
    <UnitTest name="PdfBox.Net.Tests.RenderingTextTest.TextPosition_GetWidthOfSpace_ReturnsSpaceWidth" storage="/home/runner/work/pdfbox-net/pdfbox-net/tests/pdfbox.net.tests/bin/debug/net10.0/pdfbox.net.tests.dll" id="1073dbec-f8e7-56f4-9d94-98b289e7410d">
      <Execution id="98eccf7b-940f-4b66-ba35-ea1ed632c504" />
      <TestMethod codeBase="/home/runner/work/pdfbox-net/pdfbox-net/tests/PdfBox.Net.Tests/bin/Debug/net10.0/PdfBox.Net.Tests.dll" adapterTypeName="executor://xunit/VsTestRunner3/netcore/" className="PdfBox.Net.Tests.RenderingTextTest" name="TextPosition_GetWidthOfSpace_ReturnsSpaceWidth" />
    </UnitTest>
    <UnitTest name="PdfBox.Net.Tests.RenderingTextTest.PDFTextStripper_DefaultStartPage_IsOne" storage="/home/runner/work/pdfbox-net/pdfbox-net/tests/pdfbox.net.tests/bin/debug/net10.0/pdfbox.net.tests.dll" id="1d94cde4-1c11-747f-3790-e3f712d28f08">
      <Execution id="cda804cc-9a71-47e6-8c31-ae6f48b7d951" />
      <TestMethod codeBase="/home/runner/work/pdfbox-net/pdfbox-net/tests/PdfBox.Net.Tests/bin/Debug/net10.0/PdfBox.Net.Tests.dll" adapterTypeName="executor://xunit/VsTestRunner3/netcore/" className="PdfBox.Net.Tests.RenderingTextTest" name="PDFTextStripper_DefaultStartPage_IsOne" />
    </UnitTest>
    <UnitTest name="PdfBox.Net.Tests.RenderingTextTest.PDFMarkedContentExtractor_GetMarkedContents_InitiallyEmpty" storage="/home/runner/work/pdfbox-net/pdfbox-net/tests/pdfbox.net.tests/bin/debug/net10.0/pdfbox.net.tests.dll" id="66b086dc-77c5-975b-f96c-313af0b19bd5">
      <Execution id="987f9f97-4715-4d73-9679-254fbc241839" />
      <TestMethod codeBase="/home/runner/work/pdfbox-net/pdfbox-net/tests/PdfBox.Net.Tests/bin/Debug/net10.0/PdfBox.Net.Tests.dll" adapterTypeName="executor://xunit/VsTestRunner3/netcore/" className="PdfBox.Net.Tests.RenderingTextTest" name="PDFMarkedContentExtractor_GetMarkedContents_InitiallyEmpty" />
    </UnitTest>
    <UnitTest name="PdfBox.Net.Tests.RenderingTextTest.RenderingHints_CanAddAndRetrieveEntries" storage="/home/runner/work/pdfbox-net/pdfbox-net/tests/pdfbox.net.tests/bin/debug/net10.0/pdfbox.net.tests.dll" id="b916a5cc-6e82-aab1-0ba3-3897080f9bae">
      <Execution id="f2ef31f3-ec51-4688-814c-08b4e2634c6b" />
      <TestMethod codeBase="/home/runner/work/pdfbox-net/pdfbox-net/tests/PdfBox.Net.Tests/bin/Debug/net10.0/PdfBox.Net.Tests.dll" adapterTypeName="executor://xunit/VsTestRunner3/netcore/" className="PdfBox.Net.Tests.RenderingTextTest" name="RenderingHints_CanAddAndRetrieveEntries" />
    </UnitTest>
    <UnitTest name="PdfBox.Net.Tests.RenderingTextTest.PDFTextStripper_SuppressDuplicateOverlappingText_DefaultsTrue" storage="/home/runner/work/pdfbox-net/pdfbox-net/tests/pdfbox.net.tests/bin/debug/net10.0/pdfbox.net.tests.dll" id="a97f036b-c182-fc9e-7156-ba49fb1edf0a">
      <Execution id="01c8a80b-bd93-444e-8cfd-159f5184116f" />
      <TestMethod codeBase="/home/runner/work/pdfbox-net/pdfbox-net/tests/PdfBox.Net.Tests/bin/Debug/net10.0/PdfBox.Net.Tests.dll" adapterTypeName="executor://xunit/VsTestRunner3/netcore/" className="PdfBox.Net.Tests.RenderingTextTest" name="PDFTextStripper_SuppressDuplicateOverlappingText_DefaultsTrue" />
    </UnitTest>
    <UnitTest name="PdfBox.Net.Tests.RenderingTextTest.ImageType_ToPixelFormat_MatchesJavaBufferedImageConstants" storage="/home/runner/work/pdfbox-net/pdfbox-net/tests/pdfbox.net.tests/bin/debug/net10.0/pdfbox.net.tests.dll" id="99f7bfba-7468-eaf8-20fb-52bc7e70e475">
      <Execution id="bb4a5ca2-b228-4182-a7bc-19c535642e07" />
      <TestMethod codeBase="/home/runner/work/pdfbox-net/pdfbox-net/tests/PdfBox.Net.Tests/bin/Debug/net10.0/PdfBox.Net.Tests.dll" adapterTypeName="executor://xunit/VsTestRunner3/netcore/" className="PdfBox.Net.Tests.RenderingTextTest" name="ImageType_ToPixelFormat_MatchesJavaBufferedImageConstants" />
    </UnitTest>
    <UnitTest name="PdfBox.Net.Tests.RenderingTextTest.TextPosition_GetRotation_ReturnsRotation" storage="/home/runner/work/pdfbox-net/pdfbox-net/tests/pdfbox.net.tests/bin/debug/net10.0/pdfbox.net.tests.dll" id="459be787-1e6b-ca4c-5cd1-e72bb860f77e">
      <Execution id="6582cc2e-25b4-42f8-a4b6-592a97ee4140" />
      <TestMethod codeBase="/home/runner/work/pdfbox-net/pdfbox-net/tests/PdfBox.Net.Tests/bin/Debug/net10.0/PdfBox.Net.Tests.dll" adapterTypeName="executor://xunit/VsTestRunner3/netcore/" className="PdfBox.Net.Tests.RenderingTextTest" name="TextPosition_GetRotation_ReturnsRotation" />
    </UnitTest>
    <UnitTest name="PdfBox.Net.Tests.RenderingTextTest.TextPosition_GetWidth_SumOfIndividualWidths" storage="/home/runner/work/pdfbox-net/pdfbox-net/tests/pdfbox.net.tests/bin/debug/net10.0/pdfbox.net.tests.dll" id="ff619e6b-0760-149d-25a7-79b1dcd55888">
      <Execution id="4511720b-d079-4576-95e1-c1e922420e22" />
      <TestMethod codeBase="/home/runner/work/pdfbox-net/pdfbox-net/tests/PdfBox.Net.Tests/bin/Debug/net10.0/PdfBox.Net.Tests.dll" adapterTypeName="executor://xunit/VsTestRunner3/netcore/" className="PdfBox.Net.Tests.RenderingTextTest" name="TextPosition_GetWidth_SumOfIndividualWidths" />
    </UnitTest>
    <UnitTest name="PdfBox.Net.Tests.RenderingTextTest.Matrix_Transform_AppliesTranslation" storage="/home/runner/work/pdfbox-net/pdfbox-net/tests/pdfbox.net.tests/bin/debug/net10.0/pdfbox.net.tests.dll" id="fdf47751-d144-f4f9-886b-0e1f6740b773">
      <Execution id="9fb6e98e-4a5c-4832-832e-239a85ad9cb0" />
      <TestMethod codeBase="/home/runner/work/pdfbox-net/pdfbox-net/tests/PdfBox.Net.Tests/bin/Debug/net10.0/PdfBox.Net.Tests.dll" adapterTypeName="executor://xunit/VsTestRunner3/netcore/" className="PdfBox.Net.Tests.RenderingTextTest" name="Matrix_Transform_AppliesTranslation" />
    </UnitTest>
    <UnitTest name="PdfBox.Net.Tests.RenderingTextTest.Matrix_ParameterizedConstructor_SetsElements" storage="/home/runner/work/pdfbox-net/pdfbox-net/tests/pdfbox.net.tests/bin/debug/net10.0/pdfbox.net.tests.dll" id="32925333-10e5-4d10-c26d-32e57fcc9340">
      <Execution id="7337832b-8cb1-403a-a68b-dcaf29860d78" />
      <TestMethod codeBase="/home/runner/work/pdfbox-net/pdfbox-net/tests/PdfBox.Net.Tests/bin/Debug/net10.0/PdfBox.Net.Tests.dll" adapterTypeName="executor://xunit/VsTestRunner3/netcore/" className="PdfBox.Net.Tests.RenderingTextTest" name="Matrix_ParameterizedConstructor_SetsElements" />
    </UnitTest>
    <UnitTest name="PdfBox.Net.Tests.RenderingTextTest.TextPosition_ToString_ReturnsUnicode" storage="/home/runner/work/pdfbox-net/pdfbox-net/tests/pdfbox.net.tests/bin/debug/net10.0/pdfbox.net.tests.dll" id="e2a9c5da-055c-7fa7-eca3-f06c238d94c1">
      <Execution id="36172d0e-8ff2-4e02-bff7-221e9d418c6f" />
      <TestMethod codeBase="/home/runner/work/pdfbox-net/pdfbox-net/tests/PdfBox.Net.Tests/bin/Debug/net10.0/PdfBox.Net.Tests.dll" adapterTypeName="executor://xunit/VsTestRunner3/netcore/" className="PdfBox.Net.Tests.RenderingTextTest" name="TextPosition_ToString_ReturnsUnicode" />
    </UnitTest>
    <UnitTest name="PdfBox.Net.Tests.RenderingTextTest.PDFTextStripperByArea_AddAndGetRegions" storage="/home/runner/work/pdfbox-net/pdfbox-net/tests/pdfbox.net.tests/bin/debug/net10.0/pdfbox.net.tests.dll" id="9f1a2fe7-6c4a-2f39-10fb-691b83b0555a">
      <Execution id="acbd404e-2d85-4b8d-aa94-8c010db143ec" />
      <TestMethod codeBase="/home/runner/work/pdfbox-net/pdfbox-net/tests/PdfBox.Net.Tests/bin/Debug/net10.0/PdfBox.Net.Tests.dll" adapterTypeName="executor://xunit/VsTestRunner3/netcore/" className="PdfBox.Net.Tests.RenderingTextTest" name="PDFTextStripperByArea_AddAndGetRegions" />
    </UnitTest>
    <UnitTest name="PdfBox.Net.Tests.RenderingTextTest.PDFTextStripper_SortByPosition_DefaultsFalse" storage="/home/runner/work/pdfbox-net/pdfbox-net/tests/pdfbox.net.tests/bin/debug/net10.0/pdfbox.net.tests.dll" id="ea8c50db-2604-5f4e-e9a5-043c620f7c43">
      <Execution id="e85aaad3-d664-4c95-8375-26fc7d725ed9" />
      <TestMethod codeBase="/home/runner/work/pdfbox-net/pdfbox-net/tests/PdfBox.Net.Tests/bin/Debug/net10.0/PdfBox.Net.Tests.dll" adapterTypeName="executor://xunit/VsTestRunner3/netcore/" className="PdfBox.Net.Tests.RenderingTextTest" name="PDFTextStripper_SortByPosition_DefaultsFalse" />
    </UnitTest>
    <UnitTest name="PdfBox.Net.Tests.RenderingTextTest.TextPosition_GetCharacterCodes_ReturnsCodes" storage="/home/runner/work/pdfbox-net/pdfbox-net/tests/pdfbox.net.tests/bin/debug/net10.0/pdfbox.net.tests.dll" id="0f4a650f-c48b-42f1-ac05-5dda99417a50">
      <Execution id="fd2b56a2-2e95-407e-8c9e-acdfe3a1fe19" />
      <TestMethod codeBase="/home/runner/work/pdfbox-net/pdfbox-net/tests/PdfBox.Net.Tests/bin/Debug/net10.0/PdfBox.Net.Tests.dll" adapterTypeName="executor://xunit/VsTestRunner3/netcore/" className="PdfBox.Net.Tests.RenderingTextTest" name="TextPosition_GetCharacterCodes_ReturnsCodes" />
    </UnitTest>
    <UnitTest name="PdfBox.Net.Tests.RenderingTextTest.RenderDestination_AllValuesExist" storage="/home/runner/work/pdfbox-net/pdfbox-net/tests/pdfbox.net.tests/bin/debug/net10.0/pdfbox.net.tests.dll" id="04a76625-9f4f-4cc8-7a96-eb67890265fa">
      <Execution id="03964484-1995-45da-b020-51444f92b688" />
      <TestMethod codeBase="/home/runner/work/pdfbox-net/pdfbox-net/tests/PdfBox.Net.Tests/bin/Debug/net10.0/PdfBox.Net.Tests.dll" adapterTypeName="executor://xunit/VsTestRunner3/netcore/" className="PdfBox.Net.Tests.RenderingTextTest" name="RenderDestination_AllValuesExist" />
    </UnitTest>
    <UnitTest name="PdfBox.Net.Tests.RenderingTextTest.PDFTextStripper_SetWordSeparator_RoundTrips" storage="/home/runner/work/pdfbox-net/pdfbox-net/tests/pdfbox.net.tests/bin/debug/net10.0/pdfbox.net.tests.dll" id="1cefef5e-886b-c9b6-3d5a-8de004de7196">
      <Execution id="36f9752e-af31-4645-afb3-c266f4b8348d" />
      <TestMethod codeBase="/home/runner/work/pdfbox-net/pdfbox-net/tests/PdfBox.Net.Tests/bin/Debug/net10.0/PdfBox.Net.Tests.dll" adapterTypeName="executor://xunit/VsTestRunner3/netcore/" className="PdfBox.Net.Tests.RenderingTextTest" name="PDFTextStripper_SetWordSeparator_RoundTrips" />
    </UnitTest>
    <UnitTest name="PdfBox.Net.Tests.RenderingTextTest.TextPosition_GetUnicode_ReturnsUnicode" storage="/home/runner/work/pdfbox-net/pdfbox-net/tests/pdfbox.net.tests/bin/debug/net10.0/pdfbox.net.tests.dll" id="42bef231-bb13-71dc-3497-4ee41bb2b959">
      <Execution id="02e1bd9c-1b85-4aa7-a20c-526aa1f61faf" />
      <TestMethod codeBase="/home/runner/work/pdfbox-net/pdfbox-net/tests/PdfBox.Net.Tests/bin/Debug/net10.0/PdfBox.Net.Tests.dll" adapterTypeName="executor://xunit/VsTestRunner3/netcore/" className="PdfBox.Net.Tests.RenderingTextTest" name="TextPosition_GetUnicode_ReturnsUnicode" />
    </UnitTest>
    <UnitTest name="PdfBox.Net.Tests.RenderingTextTest.PDFTextStripperByArea_ExtractRegions_ExtractsTextByRegion" storage="/home/runner/work/pdfbox-net/pdfbox-net/tests/pdfbox.net.tests/bin/debug/net10.0/pdfbox.net.tests.dll" id="bd180c77-5c1a-b76b-41de-e77a83eb6467">
      <Execution id="6738fff7-4ac1-4777-83c7-57b986331da1" />
      <TestMethod codeBase="/home/runner/work/pdfbox-net/pdfbox-net/tests/PdfBox.Net.Tests/bin/Debug/net10.0/PdfBox.Net.Tests.dll" adapterTypeName="executor://xunit/VsTestRunner3/netcore/" className="PdfBox.Net.Tests.RenderingTextTest" name="PDFTextStripperByArea_ExtractRegions_ExtractsTextByRegion" />
    </UnitTest>
    <UnitTest name="PdfBox.Net.Tests.RenderingTextTest.PDFTextStripper_SetLineSeparator_RoundTrips" storage="/home/runner/work/pdfbox-net/pdfbox-net/tests/pdfbox.net.tests/bin/debug/net10.0/pdfbox.net.tests.dll" id="9be93f42-1033-07a6-e498-9a28e007b465">
      <Execution id="5f147b1c-6d5c-4277-9ea8-27aa133f3b27" />
      <TestMethod codeBase="/home/runner/work/pdfbox-net/pdfbox-net/tests/PdfBox.Net.Tests/bin/Debug/net10.0/PdfBox.Net.Tests.dll" adapterTypeName="executor://xunit/VsTestRunner3/netcore/" className="PdfBox.Net.Tests.RenderingTextTest" name="PDFTextStripper_SetLineSeparator_RoundTrips" />
    </UnitTest>
    <UnitTest name="PdfBox.Net.Tests.RenderingTextTest.PDFMarkedContentExtractor_SuppressDuplicateDefault_IsTrue" storage="/home/runner/work/pdfbox-net/pdfbox-net/tests/pdfbox.net.tests/bin/debug/net10.0/pdfbox.net.tests.dll" id="2b5ff49a-2d6b-b931-f387-6d74bf53b852">
      <Execution id="79ec8798-2f65-447a-878c-2144c35cd132" />
      <TestMethod codeBase="/home/runner/work/pdfbox-net/pdfbox-net/tests/PdfBox.Net.Tests/bin/Debug/net10.0/PdfBox.Net.Tests.dll" adapterTypeName="executor://xunit/VsTestRunner3/netcore/" className="PdfBox.Net.Tests.RenderingTextTest" name="PDFMarkedContentExtractor_SuppressDuplicateDefault_IsTrue" />
    </UnitTest>
    <UnitTest name="PdfBox.Net.Tests.RenderingTextTest.PDFMarkedContentExtractor_ProcessPage_CapturesMarkedContentText" storage="/home/runner/work/pdfbox-net/pdfbox-net/tests/pdfbox.net.tests/bin/debug/net10.0/pdfbox.net.tests.dll" id="47f01fb8-bd18-e17f-c277-cfc66cdf4f6c">
      <Execution id="df3094b0-36e6-43bc-88ab-fff8b38d50bc" />
      <TestMethod codeBase="/home/runner/work/pdfbox-net/pdfbox-net/tests/PdfBox.Net.Tests/bin/Debug/net10.0/PdfBox.Net.Tests.dll" adapterTypeName="executor://xunit/VsTestRunner3/netcore/" className="PdfBox.Net.Tests.RenderingTextTest" name="PDFMarkedContentExtractor_ProcessPage_CapturesMarkedContentText" />
    </UnitTest>
    <UnitTest name="PdfBox.Net.Tests.RenderingTextTest.PDFTextStripper_DefaultWordSeparatorIsSpace" storage="/home/runner/work/pdfbox-net/pdfbox-net/tests/pdfbox.net.tests/bin/debug/net10.0/pdfbox.net.tests.dll" id="775eacff-7d8e-4503-8ba1-782d31cea13b">
      <Execution id="27e5e4c9-f28a-475e-917e-4eb190e93de7" />
      <TestMethod codeBase="/home/runner/work/pdfbox-net/pdfbox-net/tests/PdfBox.Net.Tests/bin/Debug/net10.0/PdfBox.Net.Tests.dll" adapterTypeName="executor://xunit/VsTestRunner3/netcore/" className="PdfBox.Net.Tests.RenderingTextTest" name="PDFTextStripper_DefaultWordSeparatorIsSpace" />
    </UnitTest>
    <UnitTest name="PdfBox.Net.Tests.RenderingTextTest.PDFTextStripper_SetStartPage_RoundTrips" storage="/home/runner/work/pdfbox-net/pdfbox-net/tests/pdfbox.net.tests/bin/debug/net10.0/pdfbox.net.tests.dll" id="03b03bc3-226d-2ef7-a394-12e149e0352c">
      <Execution id="b4ca7ac2-28be-4206-90b1-9b1ff850720e" />
      <TestMethod codeBase="/home/runner/work/pdfbox-net/pdfbox-net/tests/PdfBox.Net.Tests/bin/Debug/net10.0/PdfBox.Net.Tests.dll" adapterTypeName="executor://xunit/VsTestRunner3/netcore/" className="PdfBox.Net.Tests.RenderingTextTest" name="PDFTextStripper_SetStartPage_RoundTrips" />
    </UnitTest>
    <UnitTest name="PdfBox.Net.Tests.RenderingTextTest.PDFTextStripper_GetText_ExtractsWordsAndLines" storage="/home/runner/work/pdfbox-net/pdfbox-net/tests/pdfbox.net.tests/bin/debug/net10.0/pdfbox.net.tests.dll" id="e026d42f-894e-8e41-7c67-9fdb16c252ab">
      <Execution id="a8e4122e-6fca-48d1-b876-4d8558096068" />
      <TestMethod codeBase="/home/runner/work/pdfbox-net/pdfbox-net/tests/PdfBox.Net.Tests/bin/Debug/net10.0/PdfBox.Net.Tests.dll" adapterTypeName="executor://xunit/VsTestRunner3/netcore/" className="PdfBox.Net.Tests.RenderingTextTest" name="PDFTextStripper_GetText_ExtractsWordsAndLines" />
    </UnitTest>
    <UnitTest name="PdfBox.Net.Tests.RenderingTextTest.PDFTextStripper_SetParagraphEnd_RoundTrips" storage="/home/runner/work/pdfbox-net/pdfbox-net/tests/pdfbox.net.tests/bin/debug/net10.0/pdfbox.net.tests.dll" id="94327bdf-4819-fb57-e053-874a2e633849">
      <Execution id="010ca457-e6e8-4512-aebb-8ac0e813ad36" />
      <TestMethod codeBase="/home/runner/work/pdfbox-net/pdfbox-net/tests/PdfBox.Net.Tests/bin/Debug/net10.0/PdfBox.Net.Tests.dll" adapterTypeName="executor://xunit/VsTestRunner3/netcore/" className="PdfBox.Net.Tests.RenderingTextTest" name="PDFTextStripper_SetParagraphEnd_RoundTrips" />
    </UnitTest>
    <UnitTest name="PdfBox.Net.Tests.RenderingTextTest.PDFTextStripperByArea_RemoveNonExistentRegion_DoesNotThrow" storage="/home/runner/work/pdfbox-net/pdfbox-net/tests/pdfbox.net.tests/bin/debug/net10.0/pdfbox.net.tests.dll" id="0750d9fc-6807-3976-83cc-681323073125">
      <Execution id="6ca69379-cc4a-4e0e-9e60-dc32f9f77111" />
      <TestMethod codeBase="/home/runner/work/pdfbox-net/pdfbox-net/tests/PdfBox.Net.Tests/bin/Debug/net10.0/PdfBox.Net.Tests.dll" adapterTypeName="executor://xunit/VsTestRunner3/netcore/" className="PdfBox.Net.Tests.RenderingTextTest" name="PDFTextStripperByArea_RemoveNonExistentRegion_DoesNotThrow" />
    </UnitTest>
  </TestDefinitions>
  <TestEntries>
    <TestEntry testId="529870fa-ddf0-4c4b-1dd2-0d0c496932d5" executionId="8014e39e-ed76-417f-b6bd-373e5d3db4ba" testListId="8c84fa94-04c1-424b-9868-57a2d4851a1d" />
    <TestEntry testId="e026d42f-894e-8e41-7c67-9fdb16c252ab" executionId="a8e4122e-6fca-48d1-b876-4d8558096068" testListId="8c84fa94-04c1-424b-9868-57a2d4851a1d" />
    <TestEntry testId="fdf47751-d144-f4f9-886b-0e1f6740b773" executionId="9fb6e98e-4a5c-4832-832e-239a85ad9cb0" testListId="8c84fa94-04c1-424b-9868-57a2d4851a1d" />
    <TestEntry testId="482c989f-b379-01bf-74aa-cf360271d6d6" executionId="7ca867bc-a63a-43f0-8f68-4825c3ec36f7" testListId="8c84fa94-04c1-424b-9868-57a2d4851a1d" />
    <TestEntry testId="0750d9fc-6807-3976-83cc-681323073125" executionId="6ca69379-cc4a-4e0e-9e60-dc32f9f77111" testListId="8c84fa94-04c1-424b-9868-57a2d4851a1d" />
    <TestEntry testId="00e67f81-552f-0f59-60fc-a16919a4dacf" executionId="a8c998fb-fc5d-4eb3-8787-0f3b0ccc7f2c" testListId="8c84fa94-04c1-424b-9868-57a2d4851a1d" />
    <TestEntry testId="775eacff-7d8e-4503-8ba1-782d31cea13b" executionId="27e5e4c9-f28a-475e-917e-4eb190e93de7" testListId="8c84fa94-04c1-424b-9868-57a2d4851a1d" />
    <TestEntry testId="831aa759-1dac-dcfa-18c9-eb8defe4fc84" executionId="c6978450-ebd0-4132-b614-442b349a7d85" testListId="8c84fa94-04c1-424b-9868-57a2d4851a1d" />
    <TestEntry testId="ab42ed6e-e126-d8c6-8e36-f92718d07ae4" executionId="fa29e259-75b5-44d0-ba68-3592325702ef" testListId="8c84fa94-04c1-424b-9868-57a2d4851a1d" />
    <TestEntry testId="47f01fb8-bd18-e17f-c277-cfc66cdf4f6c" executionId="df3094b0-36e6-43bc-88ab-fff8b38d50bc" testListId="8c84fa94-04c1-424b-9868-57a2d4851a1d" />
    <TestEntry testId="42bef231-bb13-71dc-3497-4ee41bb2b959" executionId="02e1bd9c-1b85-4aa7-a20c-526aa1f61faf" testListId="8c84fa94-04c1-424b-9868-57a2d4851a1d" />
    <TestEntry testId="ea8c50db-2604-5f4e-e9a5-043c620f7c43" executionId="e85aaad3-d664-4c95-8375-26fc7d725ed9" testListId="8c84fa94-04c1-424b-9868-57a2d4851a1d" />
    <TestEntry testId="1073dbec-f8e7-56f4-9d94-98b289e7410d" executionId="98eccf7b-940f-4b66-ba35-ea1ed632c504" testListId="8c84fa94-04c1-424b-9868-57a2d4851a1d" />
    <TestEntry testId="0f4a650f-c48b-42f1-ac05-5dda99417a50" executionId="fd2b56a2-2e95-407e-8c9e-acdfe3a1fe19" testListId="8c84fa94-04c1-424b-9868-57a2d4851a1d" />
    <TestEntry testId="880d0f3d-094a-606c-a9be-3d16b67df964" executionId="ecb90749-ac9a-4ed6-b438-f92861a8f218" testListId="8c84fa94-04c1-424b-9868-57a2d4851a1d" />
    <TestEntry testId="2b5ff49a-2d6b-b931-f387-6d74bf53b852" executionId="79ec8798-2f65-447a-878c-2144c35cd132" testListId="8c84fa94-04c1-424b-9868-57a2d4851a1d" />
    <TestEntry testId="a97f036b-c182-fc9e-7156-ba49fb1edf0a" executionId="01c8a80b-bd93-444e-8cfd-159f5184116f" testListId="8c84fa94-04c1-424b-9868-57a2d4851a1d" />
    <TestEntry testId="107d3518-87b3-a253-a967-85473a2633a9" executionId="74e51cd4-a5c4-4604-af16-d41db940f322" testListId="8c84fa94-04c1-424b-9868-57a2d4851a1d" />
    <TestEntry testId="32925333-10e5-4d10-c26d-32e57fcc9340" executionId="7337832b-8cb1-403a-a68b-dcaf29860d78" testListId="8c84fa94-04c1-424b-9868-57a2d4851a1d" />
    <TestEntry testId="94327bdf-4819-fb57-e053-874a2e633849" executionId="010ca457-e6e8-4512-aebb-8ac0e813ad36" testListId="8c84fa94-04c1-424b-9868-57a2d4851a1d" />
    <TestEntry testId="f07c44d3-956a-dcbf-0b1e-436c8e842d38" executionId="1b22a9cf-c773-4567-a97d-3e2fe70cf508" testListId="8c84fa94-04c1-424b-9868-57a2d4851a1d" />
    <TestEntry testId="66b086dc-77c5-975b-f96c-313af0b19bd5" executionId="987f9f97-4715-4d73-9679-254fbc241839" testListId="8c84fa94-04c1-424b-9868-57a2d4851a1d" />
    <TestEntry testId="9f1a2fe7-6c4a-2f39-10fb-691b83b0555a" executionId="acbd404e-2d85-4b8d-aa94-8c010db143ec" testListId="8c84fa94-04c1-424b-9868-57a2d4851a1d" />
    <TestEntry testId="949033b9-bb0d-e18e-e4d2-58be84896f83" executionId="8a012f31-f9bb-49c2-ab06-f3ad8270248d" testListId="8c84fa94-04c1-424b-9868-57a2d4851a1d" />
    <TestEntry testId="9be93f42-1033-07a6-e498-9a28e007b465" executionId="5f147b1c-6d5c-4277-9ea8-27aa133f3b27" testListId="8c84fa94-04c1-424b-9868-57a2d4851a1d" />
    <TestEntry testId="1cefef5e-886b-c9b6-3d5a-8de004de7196" executionId="36f9752e-af31-4645-afb3-c266f4b8348d" testListId="8c84fa94-04c1-424b-9868-57a2d4851a1d" />
    <TestEntry testId="68a79ec7-3e10-edf8-c8ce-8446c48c6b0e" executionId="fa913fbb-bd2f-4241-9c0c-0aac232a91ae" testListId="8c84fa94-04c1-424b-9868-57a2d4851a1d" />
    <TestEntry testId="dd3ccafb-3564-a47c-c1fa-c508c11a4487" executionId="99d2a20c-b2da-4ec4-909b-44e1dc4368a3" testListId="8c84fa94-04c1-424b-9868-57a2d4851a1d" />
    <TestEntry testId="194b8fcb-4784-034e-c939-79a7174e6b26" executionId="c459288e-b510-4a59-999e-eac3066c5034" testListId="8c84fa94-04c1-424b-9868-57a2d4851a1d" />
    <TestEntry testId="ff619e6b-0760-149d-25a7-79b1dcd55888" executionId="4511720b-d079-4576-95e1-c1e922420e22" testListId="8c84fa94-04c1-424b-9868-57a2d4851a1d" />
    <TestEntry testId="b916a5cc-6e82-aab1-0ba3-3897080f9bae" executionId="f2ef31f3-ec51-4688-814c-08b4e2634c6b" testListId="8c84fa94-04c1-424b-9868-57a2d4851a1d" />
    <TestEntry testId="00349e47-00f2-c28f-b8c0-6dffa71fd714" executionId="a6eeb584-24f1-47cf-8597-37db75ffcd0b" testListId="8c84fa94-04c1-424b-9868-57a2d4851a1d" />
    <TestEntry testId="e2a9c5da-055c-7fa7-eca3-f06c238d94c1" executionId="36172d0e-8ff2-4e02-bff7-221e9d418c6f" testListId="8c84fa94-04c1-424b-9868-57a2d4851a1d" />
    <TestEntry testId="459be787-1e6b-ca4c-5cd1-e72bb860f77e" executionId="6582cc2e-25b4-42f8-a4b6-592a97ee4140" testListId="8c84fa94-04c1-424b-9868-57a2d4851a1d" />
    <TestEntry testId="44470bfc-bf49-90e8-961f-91cb46fe4c8c" executionId="8e7a9009-4126-4629-b039-5b2b39790b8a" testListId="8c84fa94-04c1-424b-9868-57a2d4851a1d" />
    <TestEntry testId="b9bfe2a1-f4bf-49ba-e6a2-1cfcadc6da6f" executionId="6a31a276-fa99-46c0-ab4f-07c7443baa63" testListId="8c84fa94-04c1-424b-9868-57a2d4851a1d" />
    <TestEntry testId="5069004e-b6e7-f47b-e7a4-5ff2ce3cfa58" executionId="4fcc39ce-fc3c-4540-98cc-856cab79ef35" testListId="8c84fa94-04c1-424b-9868-57a2d4851a1d" />
    <TestEntry testId="d4674a28-48ff-0c02-a4f2-60dac1b7b24b" executionId="8548b0cf-45cc-42ab-8071-61fe4b8d3930" testListId="8c84fa94-04c1-424b-9868-57a2d4851a1d" />
    <TestEntry testId="03b03bc3-226d-2ef7-a394-12e149e0352c" executionId="b4ca7ac2-28be-4206-90b1-9b1ff850720e" testListId="8c84fa94-04c1-424b-9868-57a2d4851a1d" />
    <TestEntry testId="99f7bfba-7468-eaf8-20fb-52bc7e70e475" executionId="bb4a5ca2-b228-4182-a7bc-19c535642e07" testListId="8c84fa94-04c1-424b-9868-57a2d4851a1d" />
    <TestEntry testId="4626eb91-7c62-0e83-7470-8ea066e0b387" executionId="71b70004-0b46-43ed-9c97-c59df3bc3dec" testListId="8c84fa94-04c1-424b-9868-57a2d4851a1d" />
    <TestEntry testId="04a76625-9f4f-4cc8-7a96-eb67890265fa" executionId="03964484-1995-45da-b020-51444f92b688" testListId="8c84fa94-04c1-424b-9868-57a2d4851a1d" />
    <TestEntry testId="546329f5-0742-ce02-5567-c445ad33e5ba" executionId="b6f07bcf-a4d5-4724-b368-c87ab301f274" testListId="8c84fa94-04c1-424b-9868-57a2d4851a1d" />
    <TestEntry testId="bd180c77-5c1a-b76b-41de-e77a83eb6467" executionId="6738fff7-4ac1-4777-83c7-57b986331da1" testListId="8c84fa94-04c1-424b-9868-57a2d4851a1d" />
    <TestEntry testId="5cbef776-4fe4-bbdc-fb33-d90958545c14" executionId="6c4fa42a-ac9f-4ac8-90ab-35a135fca95e" testListId="8c84fa94-04c1-424b-9868-57a2d4851a1d" />
    <TestEntry testId="100c66bb-abc6-e07e-06db-380b1f147bd3" executionId="c3da8605-f96a-4af3-896c-46674d2aef1b" testListId="8c84fa94-04c1-424b-9868-57a2d4851a1d" />
    <TestEntry testId="1d94cde4-1c11-747f-3790-e3f712d28f08" executionId="cda804cc-9a71-47e6-8c31-ae6f48b7d951" testListId="8c84fa94-04c1-424b-9868-57a2d4851a1d" />
  </TestEntries>
  <TestLists>
    <TestList name="Results Not in a List" id="8c84fa94-04c1-424b-9868-57a2d4851a1d" />
    <TestList name="All Loaded Results" id="19431567-8539-422a-85d7-44ee4e166bda" />
  </TestLists>
  <ResultSummary outcome="Completed">
    <Counters total="47" executed="47" passed="47" failed="0" error="0" timeout="0" aborted="0" inconclusive="0" passedButRunAborted="0" notRunnable="0" notExecuted="0" disconnected="0" warning="0" completed="0" inProgress="0" pending="0" />
    <Output>
      <StdOut>[xUnit.net 00:00:00.00] xUnit.net VSTest Adapter v3.1.5+1b188a7b0a (64-bit .NET 10.0.8)
[xUnit.net 00:00:00.18]   Discovering: PdfBox.Net.Tests
[xUnit.net 00:00:01.23]   Discovered:  PdfBox.Net.Tests
[xUnit.net 00:00:01.43]   Starting:    PdfBox.Net.Tests
[xUnit.net 00:00:01.72]   Finished:    PdfBox.Net.Tests (ID = '4387cddef6bf8c7a295f99fb389cdcbff75db957af00ef584a61fbf07a357e52')
</StdOut>
    </Output>
  </ResultSummary>
</TestRun>